# What legacy changed in each step of each timeline fixture (reconcile_session_timeline_test.go).
# Owner ruling O7: a change here needs an entry in timelineGoldenRulings. Regenerate with -update-golden.

=== a crash 29s after wake
## 0 seed (+20s)
@ +0s
row:gc-1:command=true
row:gc-1:continuation_epoch=1
row:gc-1:currently_processing_bead_id=gw-1
row:gc-1:effective_sleep_after_idle=off
row:gc-1:gc.trigger_bead_id=gw-1
row:gc-1:gc.work_dir=<city>
row:gc-1:labels=agent:worker,gc:session
row:gc-1:pool_slot=
row:gc-1:requested_sleep_after_idle=off
row:gc-1:session_origin=ephemeral
row:gc-1:sleep_capability=full
row:gc-1:sleep_policy_fingerprint=value=off|class=interactive_resume|source=legacy_off|wake=resume|cap=full|deps=|template=worker
row:gc-1:sleep_policy_source=legacy_off
row:gc-1:synced_at=T+0s
row:gc-1:work_dir=<city>
work:gw-1:gc.session_name=s-gc-1
## 1 crash (+1m19s)
~ op
@ +29s
row:gc-1:last_woke_at=
row:gc-1:state=asleep
row:gc-1:wake_attempts=3
@ +39s
event:session.woke worker null=1
provider:RemoveMeta s-gc-1=5
provider:Start s-gc-1=1
row:gc-1:awake_started_at=T+39s
row:gc-1:core_hash_breakdown.AcceptStartupDialogs=e3b0c44298fc1c14
row:gc-1:core_hash_breakdown.Command=b5bea41b6c623f7c
row:gc-1:core_hash_breakdown.CopyFiles=e3b0c44298fc1c14
row:gc-1:core_hash_breakdown.Env=<changed>
row:gc-1:core_hash_breakdown.FPExtra=730fa5bc1a6062f2
row:gc-1:core_hash_breakdown.Lifecycle=e3b0c44298fc1c14
row:gc-1:core_hash_breakdown.MCPServers=e3b0c44298fc1c14
row:gc-1:core_hash_breakdown.MouseOn=b1865da277ec01c2
row:gc-1:core_hash_breakdown.OverlayDir=e3b0c44298fc1c14
row:gc-1:core_hash_breakdown.OverlayProviders=e3b0c44298fc1c14
row:gc-1:core_hash_breakdown.PreStart=e3b0c44298fc1c14
row:gc-1:core_hash_breakdown.SessionSetup=e3b0c44298fc1c14
row:gc-1:core_hash_breakdown.SessionSetupScript=e3b0c44298fc1c14
row:gc-1:core_hash_breakdown.version=v6
row:gc-1:creation_complete_at=T+39s
row:gc-1:generation=2
row:gc-1:last_woke_at=T+39s
row:gc-1:live_hash=<changed>
row:gc-1:primed_at=T+39s
row:gc-1:prompt_hash=<changed>
row:gc-1:started_config_hash=<changed>
row:gc-1:started_launch_hash=<changed>
row:gc-1:started_live_hash=<changed>
row:gc-1:started_provision_hash=<changed>
row:gc-1:state=active
row:gc-1:state_reason=creation_complete
runtime:s-gc-1=id=gc-1 epoch=2 token=<set> alive attached=false
@ +49s
row:gc-1:state=awake
@ +1m9s
row:gc-1:wake_attempts=0
